regex	^ads?[0-9]*\.tracker\.example\.com$
regex	banner[._-]
string	-leading-hyphen.example.com
string	1.starts-with-digit.example.com
string	192.168.1.1
string	2001:db8::1
string	::1
string	aaaaaaaaaaaaaaaaaaaaaaaaaaaaaaaaaaaaaaaaaaaaaaaaaaaaaaaaaaaaaaa.example.com
string	abp-no-caret.example.org
string	abp.example.com
string	alias1.example.org
string	alias2.example.org
string	dup.example.com
string	eol-comment.example.com
string	ipv6-hosts.example.net
string	localhost-alias.example.org
string	mixed.case.example.com
string	plain.example.com
string	single-label-host
string	spaced-eol.example.com
string	sub.domain.with-hyphen.example.com
string	tab-separated.example.com
string	trailing-hyphen-.example.com
string	trailing.dot.example.com.
string	under_score.example.org
string	xn--bcher-kva.example.com
string	xn--mnchen-3ya.example.de
string	zeroip.example.com
wildcard	deep.sub.wildcard.example.org
wildcard	mixedcasewildcard.example.com
wildcard	wildcard.example.com
